// Jest Snapshot v1, https://goo.gl/fbAQLP

exports[`GraphQL query nodeId 1`] = `
Object {
  "data": Object {
    "nodeId": "[nodeId]",
  },
}
`;
